mingw32-make : The syntax of the command is incorrect.
At line:1 char:1
+ mingw32-make 2> build_errors.txt; type build_errors.txt
+ ~~~~~~~~~~~~~~~~~~~~~~~~~~~~~~~~
    + CategoryInfo          : NotSpecified: (The syntax of the command is incorrect.:String) [], RemoteException
    + FullyQualifiedErrorId : NativeCommandError
 
mingw32-make: *** [makefile:109: build/win/main.o] Error 1
